[2026-07-05T06:46:27.002Z] GET http://localhost:5177/ → 200 (3ms, 638B)
[2026-07-05T06:46:27.011Z] GET http://localhost:5177/@vite/client → 200 (11ms, 204443B)
[2026-07-05T06:46:27.011Z] GET http://localhost:5177/src/main.tsx?t=1783233967719 → 200 (9ms, 1706B)
[2026-07-05T06:46:27.012Z] GET http://localhost:5177/@react-refresh → 200 (12ms, 111894B)
[2026-07-05T06:46:27.021Z] GET http://localhost:5177/node_modules/.vite/deps/react.js?v=e6d54149 → 200 (3ms, 767B)
[2026-07-05T06:46:27.021Z] GET http://localhost:5177/node_modules/.vite/deps/react-dom_client.js?v=e6d54149 → 200 (18ms, 820919B)
[2026-07-05T06:46:27.021Z] GET http://localhost:5177/src/App.tsx?t=1783233967719 → 200 (14ms, 14937B)
[2026-07-05T06:46:27.021Z] GET http://localhost:5177/src/styles/globals.css?t=1783233967719 → 200 (14ms, 32854B)
[2026-07-05T06:46:27.021Z] GET http://localhost:5177/node_modules/.vite/deps/react_jsx-dev-runtime.js?v=e6d54149 → 200 (16ms, 10510B)
[2026-07-05T06:46:27.022Z] GET http://localhost:5177/node_modules/vite/dist/client/env.mjs → 200 (11ms, 3478B)
[2026-07-05T06:46:27.024Z] GET http://localhost:5177/node_modules/.vite/deps/react-B6J-hxuQ.js?v=e6d54149 → 200 (9ms, 39571B)
[2026-07-05T06:46:27.037Z] GET http://localhost:5177/src/components/Sidebar.tsx → 200 (2ms, 12263B)
[2026-07-05T06:46:27.039Z] GET http://localhost:5177/node_modules/.vite/deps/lucide-react.js?v=e6d54149 → 200 (10ms, 813963B)
[2026-07-05T06:46:27.039Z] GET http://localhost:5177/node_modules/.vite/deps/react-dom.js?v=e6d54149 → 200 (?ms, 14567B)
[2026-07-05T06:46:27.101Z] GET http://localhost:5177/src/components/ZMKEditor/index.tsx?t=1783233534164 → 200 (7ms, 60262B)
[2026-07-05T06:46:27.110Z] GET http://localhost:5177/src/lib/tauri-web-shims/plugin-fs.ts?t=1783233363178 → 200 (2ms, 7045B)
[2026-07-05T06:46:27.111Z] GET http://localhost:5177/src/lib/tauri-web-shims/plugin-dialog.ts → 200 (1ms, 6603B)
[2026-07-05T06:46:27.111Z] GET http://localhost:5177/src/lib/zmkParser.ts → 200 (2ms, 27282B)
[2026-07-05T06:46:27.111Z] GET http://localhost:5177/src/lib/keyboards.ts → 200 (2ms, 2811B)
[2026-07-05T06:46:27.111Z] GET http://localhost:5177/src/stores/zmkStore.ts → 200 (2ms, 5681B)
[2026-07-05T06:46:27.111Z] GET http://localhost:5177/src/stores/qmkStore.ts?t=1783233363178 → 200 (3ms, 5282B)
[2026-07-05T06:46:27.111Z] GET http://localhost:5177/src/components/ZMKEditor/SplitKeyboard.tsx → 200 (7ms, 34812B)
[2026-07-05T06:46:27.111Z] GET http://localhost:5177/src/components/ZMKEditor/QMKKeyboard.tsx?t=1783233389844 → 200 (5ms, 26738B)
[2026-07-05T06:46:27.111Z] GET http://localhost:5177/src/components/ZMKEditor/ComboEditor.tsx?t=1783233462725 → 200 (6ms, 47854B)
[2026-07-05T06:46:27.111Z] GET http://localhost:5177/src/components/ZMKEditor/QMKComboEditor.tsx?t=1783233534164 → 200 (6ms, 50789B)
[2026-07-05T06:46:27.112Z] GET http://localhost:5177/src/lib/tauri-web-shims/fs-handles.ts → 200 (5ms, 2482B)
[2026-07-05T06:46:27.114Z] GET http://localhost:5177/node_modules/.vite/deps/zustand.js?v=e6d54149 → 200 (4ms, 1950B)
[2026-07-05T06:46:27.114Z] GET http://localhost:5177/src/lib/qmkParser.ts → 200 (4ms, 4205B)
[2026-07-05T06:46:27.116Z] GET http://localhost:5177/src/lib/corneProcyonLayout.ts → 200 (2ms, 14527B)
[2026-07-05T06:46:27.116Z] GET http://localhost:5177/src/components/ZMKEditor/BindingEditor.tsx → 200 (2ms, 72367B)
[2026-07-05T06:46:27.118Z] GET http://localhost:5177/src/lib/qmkComboParser.ts → 200 (1ms, 10478B)
[2026-07-05T06:46:27.118Z] GET http://localhost:5177/src/lib/crossesLayout.ts → 200 (1ms, 10497B)
[2026-07-05T06:46:27.404Z] GET http://localhost:5177/@fs/Users/tomkwon/Documents/cross_keyboard/config/corne_tp.keymap → 200 (5ms, ?B)
[2026-07-05T06:46:27.404Z] GET http://localhost:5177/@fs/Users/tomkwon/Documents/cross_keyboard/config/corne_tp.keymap → 200 (1ms, 9497B)
[2026-07-05T06:46:29.328Z] GET http://localhost:5177/src/components/KarabinerEditor/index.tsx?t=1783233967719 → 200 (51ms, 23362B)
[2026-07-05T06:46:29.380Z] GET http://localhost:5177/src/stores/karabinerStore.ts → 200 (1ms, 17163B)
[2026-07-05T06:46:29.380Z] GET http://localhost:5177/src/components/KarabinerEditor/RuleList.tsx?t=1783233967719 → 200 (2ms, 20603B)
[2026-07-05T06:46:29.380Z] GET http://localhost:5177/src/components/KarabinerEditor/MacbookKeyboard.tsx → 200 (3ms, 18903B)
[2026-07-05T06:46:29.380Z] GET http://localhost:5177/src/components/KarabinerEditor/MacComboEditor.tsx → 200 (4ms, 47472B)
[2026-07-05T06:46:29.380Z] GET http://localhost:5177/src/components/KarabinerEditor/HomerowModEditor.tsx → 200 (4ms, 33740B)
[2026-07-05T06:46:29.382Z] GET http://localhost:5177/src/lib/karabinerGenerator.ts → 200 (2ms, 15272B)
[2026-07-05T06:46:29.383Z] GET http://localhost:5177/src/lib/macbookLayout.ts → 200 (2ms, 26191B)
[2026-07-05T06:46:29.383Z] GET http://localhost:5177/src/components/KarabinerEditor/MacKeyEditor.tsx → 200 (2ms, 76123B)
[2026-07-05T06:51:13.646Z] GET http://localhost:5177/src/styles/globals.css?t=1783234273644 → 200 (21ms, 32854B)
[2026-07-05T06:51:13.646Z] GET http://localhost:5177/src/components/KarabinerEditor/index.tsx?t=1783234273644 → 200 (2ms, 23426B)
[2026-07-05T06:51:13.646Z] GET http://localhost:5177/src/components/KarabinerEditor/RuleList.tsx?t=1783234273644 → 200 (4ms, 20619B)
[2026-07-05T06:51:13.646Z] GET http://localhost:5177/src/components/KarabinerEditor/HomerowModEditor.tsx?t=1783234273644 → 200 (5ms, 33772B)
[2026-07-05T06:51:13.646Z] GET http://localhost:5177/src/components/KarabinerEditor/MacComboEditor.tsx?t=1783234273644 → 200 (6ms, 47520B)
[2026-07-05T06:51:13.646Z] GET http://localhost:5177/src/components/KarabinerEditor/MacKeyEditor.tsx?t=1783234273644 → 200 (6ms, 76155B)
[2026-07-05T06:51:13.650Z] GET http://localhost:5177/src/stores/karabinerStore.ts?t=1783234273644 → 200 (19ms, 17227B)
[2026-07-05T06:51:13.650Z] GET http://localhost:5177/src/components/KarabinerEditor/MacbookKeyboard.tsx?t=1783234273644 → 200 (2ms, 18935B)
[2026-07-05T06:51:20.047Z] GET http://localhost:5177/src/styles/globals.css?t=1783234280047 → 200 (22ms, 32854B)
[2026-07-05T06:51:20.047Z] GET http://localhost:5177/src/components/KarabinerEditor/index.tsx?t=1783234280047 → 200 (4ms, 23426B)
[2026-07-05T06:51:20.047Z] GET http://localhost:5177/src/components/KarabinerEditor/RuleList.tsx?t=1783234280047 → 200 (5ms, 20619B)
[2026-07-05T06:51:20.047Z] GET http://localhost:5177/src/components/KarabinerEditor/HomerowModEditor.tsx?t=1783234280047 → 200 (5ms, 33772B)
[2026-07-05T06:51:20.047Z] GET http://localhost:5177/src/components/KarabinerEditor/MacComboEditor.tsx?t=1783234280047 → 200 (6ms, 47520B)
[2026-07-05T06:51:20.047Z] GET http://localhost:5177/src/components/KarabinerEditor/MacKeyEditor.tsx?t=1783234280047 → 200 (7ms, 76155B)
[2026-07-05T06:51:20.051Z] GET http://localhost:5177/src/stores/karabinerStore.ts?t=1783234280047 → 200 (20ms, 17947B)
[2026-07-05T06:51:20.051Z] GET http://localhost:5177/src/components/KarabinerEditor/MacbookKeyboard.tsx?t=1783234280047 → 200 (1ms, 18935B)
[2026-07-05T06:51:20.072Z] GET http://localhost:5177/node_modules/.vite/deps/zustand_middleware.js?v=4679451b → 200 (254ms, 13837B)
[2026-07-05T06:51:29.012Z] GET http://localhost:5177/src/App.tsx?t=1783234289012 → 200 (19ms, 15021B)
[2026-07-05T06:51:29.012Z] GET http://localhost:5177/src/styles/globals.css?t=1783234289012 → 200 (17ms, 32854B)
[2026-07-05T06:51:44.371Z] GET http://localhost:5177/src/App.tsx?t=1783234304371 → 200 (17ms, 17344B)
[2026-07-05T06:51:44.371Z] GET http://localhost:5177/src/styles/globals.css?t=1783234304371 → 200 (15ms, 32854B)
[2026-07-05T06:52:03.804Z] GET http://localhost:5177/src/styles/globals.css?t=1783234323805 → 200 (15ms, 32854B)
[2026-07-05T06:52:03.805Z] GET http://localhost:5177/src/components/ZMKEditor/BindingEditor.tsx?t=1783234323805 → 200 (16ms, 72489B)
[2026-07-05T06:52:07.641Z] GET http://localhost:5177/src/styles/globals.css?t=1783234327641 → 200 (16ms, 32854B)
[2026-07-05T06:52:07.641Z] GET http://localhost:5177/src/components/ZMKEditor/BindingEditor.tsx?t=1783234327641 → 200 (18ms, 73419B)
[2026-07-05T06:52:26.316Z] GET http://localhost:5177/src/styles/globals.css?t=1783234346317 → 200 (16ms, 32854B)
[2026-07-05T06:52:26.316Z] GET http://localhost:5177/src/components/KarabinerEditor/MacKeyEditor.tsx?t=1783234346317 → 200 (18ms, 76261B)
[2026-07-05T06:52:29.897Z] GET http://localhost:5177/src/styles/globals.css?t=1783234349897 → pending (?ms, ?B)
[2026-07-05T06:52:29.897Z] GET http://localhost:5177/src/components/KarabinerEditor/MacKeyEditor.tsx?t=1783234349897 → pending (?ms, ?B)
[2026-07-05T06:52:39.573Z] GET http://localhost:5177/src/styles/globals.css?t=1783234359573 → 200 (21ms, 32854B)
[2026-07-05T06:52:39.573Z] GET http://localhost:5177/src/components/KarabinerEditor/RuleList.tsx?t=1783234359573 → 200 (22ms, 20871B)
[2026-07-05T06:52:43.339Z] GET http://localhost:5177/src/styles/globals.css?t=1783234363340 → 200 (16ms, 32854B)
[2026-07-05T06:52:43.339Z] GET http://localhost:5177/src/components/KarabinerEditor/MacKeyEditor.tsx?t=1783234363340 → 200 (19ms, 77403B)
[2026-07-05T06:52:44.920Z] GET http://localhost:5177/src/styles/globals.css?t=1783234364919 → pending (?ms, ?B)
[2026-07-05T06:52:53.051Z] GET http://localhost:5177/src/styles/globals.css?t=1783234373051 → 200 (38ms, 32854B)
[2026-07-05T06:52:53.051Z] GET http://localhost:5177/src/components/ZMKEditor/index.tsx?t=1783234373051 → 200 (5ms, 60294B)
[2026-07-05T06:52:53.051Z] GET http://localhost:5177/src/components/ZMKEditor/ComboEditor.tsx?t=1783234373051 → 200 (8ms, 47886B)
[2026-07-05T06:52:53.051Z] GET http://localhost:5177/src/App.tsx?t=1783234373051 → 200 (8ms, 17360B)
[2026-07-05T06:52:53.057Z] GET http://localhost:5177/src/stores/zmkStore.ts?t=1783234373051 → 200 (32ms, 5881B)
[2026-07-05T06:52:53.057Z] GET http://localhost:5177/src/components/ZMKEditor/SplitKeyboard.tsx?t=1783234327641 → 200 (4ms, 34844B)
[2026-07-05T06:52:53.057Z] GET http://localhost:5177/src/components/ZMKEditor/QMKKeyboard.tsx?t=1783234327641 → 200 (5ms, 26754B)
[2026-07-05T06:52:53.057Z] GET http://localhost:5177/src/components/ZMKEditor/QMKComboEditor.tsx?t=1783234327641 → 200 (3ms, 50789B)
[2026-07-05T06:52:53.412Z] GET http://localhost:5177/@fs/Users/tomkwon/Documents/cross_keyboard/config/corne_tp.keymap → 200 (3ms, ?B)
[2026-07-05T06:52:53.412Z] GET http://localhost:5177/@fs/Users/tomkwon/Documents/cross_keyboard/config/corne_tp.keymap → 200 (1ms, ?B)
[2026-07-05T06:52:55.895Z] GET http://localhost:5177/src/styles/globals.css?t=1783234375895 → 200 (19ms, 32854B)
[2026-07-05T06:52:55.895Z] GET http://localhost:5177/src/components/ZMKEditor/index.tsx?t=1783234375895 → 200 (5ms, 60294B)
[2026-07-05T06:52:55.895Z] GET http://localhost:5177/src/components/ZMKEditor/ComboEditor.tsx?t=1783234375895 → 200 (6ms, 47886B)
[2026-07-05T06:52:55.896Z] GET http://localhost:5177/src/App.tsx?t=1783234375895 → 200 (5ms, 17360B)
[2026-07-05T06:52:55.901Z] GET http://localhost:5177/src/stores/zmkStore.ts?t=1783234375895 → 200 (15ms, 6137B)
[2026-07-05T06:52:56.237Z] GET http://localhost:5177/@fs/Users/tomkwon/Documents/cross_keyboard/config/corne_tp.keymap → 200 (2ms, ?B)
[2026-07-05T06:52:56.237Z] GET http://localhost:5177/@fs/Users/tomkwon/Documents/cross_keyboard/config/corne_tp.keymap → 200 (1ms, ?B)
[2026-07-05T06:53:23.801Z] GET http://localhost:5177/src/styles/globals.css?t=1783234403801 → 200 (13ms, 32854B)
[2026-07-05T06:53:23.801Z] GET http://localhost:5177/src/components/ZMKEditor/index.tsx?t=1783234403801 → 200 (16ms, 60203B)
[2026-07-05T06:53:26.943Z] GET http://localhost:5177/src/styles/globals.css?t=1783234406943 → 200 (13ms, 32854B)
[2026-07-05T06:53:26.943Z] GET http://localhost:5177/src/components/ZMKEditor/index.tsx?t=1783234406943 → pending (?ms, ?B)
[2026-07-05T06:54:29.400Z] GET http://localhost:5177/src/styles/globals.css?t=1783234469401 → 200 (12ms, 32854B)
